#input {   decl; decl } {   decl } {   decl } {   decl; decl; decl } #output